2026-09-17 16:08:20,243 INFO Device cuda, configuration {"adaptation_config": "config/z02_data.yaml", "cameras": ["cam2"], "siglip_path": "models/siglip2-so400m-patch14-224", "freeze_vlm": true, "projection_dim": 640, "precision": "bf16", "seed": 42, "torch_threads": 4, "batch_size": 16, "num_workers": 4, "eval_num_workers": 2, "pin_memory": true, "persistent_workers": true, "prefetch_factor": 2, "video_cache_handles": 4, "feature_cache": true, "cache_dir": "data/cache/value_features_v1", "cache_batch_size": 16, "cache_num_workers": 4, "cached_batch_size": 1024, "cached_num_workers": 0, "cache_on_device": true, "num_epochs": 40, "max_total_steps": 5000, "early_stopping_patience": 4, "early_stopping_min_delta": 1e-05, "lr": 0.0001, "warmup_steps": 200, "weight_decay": 0.0, "clip_grad_norm": 1.0, "log_interval": 100, "max_samples": null, "max_steps": null, "val_steps": null, "save_dir": "artifacts/performance/pilot-1024"}
2026-09-17 16:08:20,837 INFO Manifest-filtered samples: train=246913 val=28359
2026-09-17 16:08:26,950 INFO Reusing /home/zoyi/my_work/RECAP-value-function-main/data/cache/value_features_v1/train-5c17583476bd5428ca68
2026-09-17 16:08:29,330 INFO Reusing /home/zoyi/my_work/RECAP-value-function-main/data/cache/value_features_v1/val-ee4bd82c30de726fd953
2026-09-17 16:08:29,377 INFO Keeping train features on GPU: 543.5 MiB
2026-09-17 16:08:29,437 INFO Keeping val features on GPU: 62.4 MiB
2026-09-17 16:08:29,444 INFO Budget: at most 40 epochs / 5000 optimizer steps; 242 batches per full epoch
2026-09-17 16:08:29,759 INFO Step 100/242, MSE 0.062874, LR 5.05e-05
2026-09-17 16:08:29,834 INFO Step 200/242, MSE 0.044048, LR 0.0001
2026-09-17 16:08:29,873 INFO {"epoch": 1, "global_step": 242, "train": {"mse": 0.03932658210396767, "samples": 246913, "steps": 242, "seconds": 0.4197295720000511, "samples_per_second": 588266.4191769032}, "val": {"mse": 0.020886363461613655, "samples": 28359, "steps": 28, "seconds": 0.00385506600014196, "samples_per_second": 7355842.069306077}}
2026-09-17 16:08:29,956 INFO Step 100/242, MSE 0.014040, LR 9.98e-05
2026-09-17 16:08:30,039 INFO Step 200/242, MSE 0.013185, LR 9.94e-05
2026-09-17 16:08:30,073 INFO {"epoch": 2, "global_step": 484, "train": {"mse": 0.012960566207766533, "samples": 246913, "steps": 242, "seconds": 0.18722786299986183, "samples_per_second": 1318781.3905119873}, "val": {"mse": 0.013957839459180832, "samples": 28359, "steps": 28, "seconds": 0.0035990910000691656, "samples_per_second": 7879075.815405134}}
2026-09-17 16:08:30,158 INFO Step 100/242, MSE 0.011336, LR 9.84e-05
2026-09-17 16:08:30,230 INFO Step 200/242, MSE 0.011135, LR 9.75e-05
2026-09-17 16:08:30,264 INFO {"epoch": 3, "global_step": 726, "train": {"mse": 0.01103673130273819, "samples": 246913, "steps": 242, "seconds": 0.17521183200005908, "samples_per_second": 1409223.5784403326}, "val": {"mse": 0.013957937248051167, "samples": 28359, "steps": 28, "seconds": 0.0037477519999811193, "samples_per_second": 7566645.39194848}}
2026-09-17 16:08:30,335 INFO Step 100/242, MSE 0.010311, LR 9.59e-05
2026-09-17 16:08:30,406 INFO Step 200/242, MSE 0.010098, LR 9.45e-05
2026-09-17 16:08:30,442 INFO {"epoch": 4, "global_step": 968, "train": {"mse": 0.01009428035467863, "samples": 246913, "steps": 242, "seconds": 0.17286279800009652, "samples_per_second": 1428373.501449682}, "val": {"mse": 0.013991924934089184, "samples": 28359, "steps": 28, "seconds": 0.004776469999796973, "samples_per_second": 5937013.518556297}}
2026-09-17 16:08:30,513 INFO Step 100/242, MSE 0.009692, LR 9.22e-05
2026-09-17 16:08:30,584 INFO Step 200/242, MSE 0.009501, LR 9.04e-05
2026-09-17 16:08:30,618 INFO {"epoch": 5, "global_step": 1210, "train": {"mse": 0.00939653255045414, "samples": 246913, "steps": 242, "seconds": 0.1709653820003041, "samples_per_second": 1444226.223801914}, "val": {"mse": 0.01341498363763094, "samples": 28359, "steps": 28, "seconds": 0.004461798000193085, "samples_per_second": 6355761.265822198}}
2026-09-17 16:08:30,700 INFO Step 100/242, MSE 0.008811, LR 8.75e-05
2026-09-17 16:08:30,770 INFO Step 200/242, MSE 0.008761, LR 8.53e-05
2026-09-17 16:08:30,804 INFO {"epoch": 6, "global_step": 1452, "train": {"mse": 0.008761482313275337, "samples": 246913, "steps": 242, "seconds": 0.17407538299994485, "samples_per_second": 1418423.4683822347}, "val": {"mse": 0.012700110673904419, "samples": 28359, "steps": 28, "seconds": 0.0035797349996755656, "samples_per_second": 7921791.617029261}}
2026-09-17 16:08:30,883 INFO Step 100/242, MSE 0.008535, LR 8.19e-05
2026-09-17 16:08:30,955 INFO Step 200/242, MSE 0.008358, LR 7.93e-05
2026-09-17 16:08:30,988 INFO {"epoch": 7, "global_step": 1694, "train": {"mse": 0.008365731686353683, "samples": 246913, "steps": 242, "seconds": 0.17283687900044242, "samples_per_second": 1428587.868490956}, "val": {"mse": 0.012448040768504143, "samples": 28359, "steps": 28, "seconds": 0.0035536309997041826, "samples_per_second": 7979922.303206353}}
2026-09-17 16:08:31,067 INFO Step 100/242, MSE 0.008211, LR 7.54e-05
2026-09-17 16:08:31,137 INFO Step 200/242, MSE 0.007992, LR 7.26e-05
2026-09-17 16:08:31,170 INFO {"epoch": 8, "global_step": 1936, "train": {"mse": 0.007922071032226086, "samples": 246913, "steps": 242, "seconds": 0.169793737999953, "samples_per_second": 1454192.2434819748}, "val": {"mse": 0.012798287905752659, "samples": 28359, "steps": 28, "seconds": 0.003565575000266108, "samples_per_second": 7953265.9033676535}}
2026-09-17 16:08:31,247 INFO Step 100/242, MSE 0.007612, LR 6.84e-05
2026-09-17 16:08:31,325 INFO Step 200/242, MSE 0.007646, LR 6.53e-05
2026-09-17 16:08:31,362 INFO {"epoch": 9, "global_step": 2178, "train": {"mse": 0.007610095199197531, "samples": 246913, "steps": 242, "seconds": 0.1873994429997765, "samples_per_second": 1317574.2882805446}, "val": {"mse": 0.012713439762592316, "samples": 28359, "steps": 28, "seconds": 0.0036233020000508986, "samples_per_second": 7826493.005476051}}
2026-09-17 16:08:31,439 INFO Step 100/242, MSE 0.007238, LR 6.09e-05
2026-09-17 16:08:31,517 INFO Step 200/242, MSE 0.007247, LR 5.77e-05
2026-09-17 16:08:31,553 INFO {"epoch": 10, "global_step": 2420, "train": {"mse": 0.007257804740220308, "samples": 246913, "steps": 242, "seconds": 0.1877899799997067, "samples_per_second": 1314834.5304764248}, "val": {"mse": 0.012232347391545773, "samples": 28359, "steps": 28, "seconds": 0.0035817969996969623, "samples_per_second": 7917220.254138114}}
2026-09-17 16:08:31,640 INFO Step 100/242, MSE 0.007152, LR 5.31e-05
2026-09-17 16:08:31,719 INFO Step 200/242, MSE 0.007045, LR 4.99e-05
2026-09-17 16:08:31,756 INFO {"epoch": 11, "global_step": 2662, "train": {"mse": 0.007061732932925224, "samples": 246913, "steps": 242, "seconds": 0.1903226879999238, "samples_per_second": 1297337.2669226502}, "val": {"mse": 0.01366900373250246, "samples": 28359, "steps": 28, "seconds": 0.0036801699998250115, "samples_per_second": 7705720.23203401}}
2026-09-17 16:08:31,835 INFO Step 100/242, MSE 0.006804, LR 4.53e-05
2026-09-17 16:08:31,913 INFO Step 200/242, MSE 0.006830, LR 4.21e-05
2026-09-17 16:08:31,950 INFO {"epoch": 12, "global_step": 2904, "train": {"mse": 0.006786927580833435, "samples": 246913, "steps": 242, "seconds": 0.1898935139997775, "samples_per_second": 1300268.7364931453}, "val": {"mse": 0.01298985444009304, "samples": 28359, "steps": 28, "seconds": 0.004550586999812367, "samples_per_second": 6231750.173150323}}
2026-09-17 16:08:32,029 INFO Step 100/242, MSE 0.006605, LR 3.76e-05
2026-09-17 16:08:32,109 INFO Step 200/242, MSE 0.006617, LR 3.45e-05
2026-09-17 16:08:32,146 INFO {"epoch": 13, "global_step": 3146, "train": {"mse": 0.006614586804062128, "samples": 246913, "steps": 242, "seconds": 0.19153813000002629, "samples_per_second": 1289104.7734781331}, "val": {"mse": 0.011996611952781677, "samples": 28359, "steps": 28, "seconds": 0.0035978879996036994, "samples_per_second": 7881817.4845932545}}
2026-09-17 16:08:32,232 INFO Step 100/242, MSE 0.006413, LR 3.02e-05
2026-09-17 16:08:32,306 INFO Step 200/242, MSE 0.006467, LR 2.73e-05
2026-09-17 16:08:32,342 INFO {"epoch": 14, "global_step": 3388, "train": {"mse": 0.006468565668910742, "samples": 246913, "steps": 242, "seconds": 0.18305629099995713, "samples_per_second": 1348834.6204462787}, "val": {"mse": 0.012058808468282223, "samples": 28359, "steps": 28, "seconds": 0.00468348699996568, "samples_per_second": 6054872.401374459}}
2026-09-17 16:08:32,414 INFO Step 100/242, MSE 0.006385, LR 2.33e-05
2026-09-17 16:08:32,487 INFO Step 200/242, MSE 0.006358, LR 2.07e-05
2026-09-17 16:08:32,521 INFO {"epoch": 15, "global_step": 3630, "train": {"mse": 0.006348814815282822, "samples": 246913, "steps": 242, "seconds": 0.17587753299994802, "samples_per_second": 1403889.5347107816}, "val": {"mse": 0.011639759875833988, "samples": 28359, "steps": 28, "seconds": 0.003591572000004817, "samples_per_second": 7895631.440043932}}
2026-09-17 16:08:32,602 INFO Step 100/242, MSE 0.006149, LR 1.71e-05
2026-09-17 16:08:32,677 INFO Step 200/242, MSE 0.006204, LR 1.48e-05
2026-09-17 16:08:32,714 INFO {"epoch": 16, "global_step": 3872, "train": {"mse": 0.00623796321451664, "samples": 246913, "steps": 242, "seconds": 0.18048708799960878, "samples_per_second": 1368034.4492069387}, "val": {"mse": 0.011607524007558823, "samples": 28359, "steps": 28, "seconds": 0.0037515599997277604, "samples_per_second": 7558753.657592411}}
2026-09-17 16:08:32,803 INFO Step 100/242, MSE 0.006261, LR 1.18e-05
2026-09-17 16:08:32,882 INFO Step 200/242, MSE 0.006200, LR 9.85e-06
2026-09-17 16:08:32,920 INFO {"epoch": 17, "global_step": 4114, "train": {"mse": 0.006155360955744982, "samples": 246913, "steps": 242, "seconds": 0.19448597200016593, "samples_per_second": 1269565.5576420429}, "val": {"mse": 0.011665722355246544, "samples": 28359, "steps": 28, "seconds": 0.00360282899964659, "samples_per_second": 7870910.29906748}}
2026-09-17 16:08:33,000 INFO Step 100/242, MSE 0.006194, LR 7.41e-06
2026-09-17 16:08:33,080 INFO Step 200/242, MSE 0.006128, LR 5.91e-06
2026-09-17 16:08:33,118 INFO {"epoch": 18, "global_step": 4356, "train": {"mse": 0.006116956938058138, "samples": 246913, "steps": 242, "seconds": 0.19269499299980453, "samples_per_second": 1281365.5172724512}, "val": {"mse": 0.011657311581075191, "samples": 28359, "steps": 28, "seconds": 0.004520875000253, "samples_per_second": 6272670.387388071}}
2026-09-17 16:08:33,197 INFO Step 100/242, MSE 0.006032, LR 4.1e-06
2026-09-17 16:08:33,276 INFO Step 200/242, MSE 0.006081, LR 3.08e-06
2026-09-17 16:08:33,314 INFO {"epoch": 19, "global_step": 4598, "train": {"mse": 0.006076779682189226, "samples": 246913, "steps": 242, "seconds": 0.19079276899992692, "samples_per_second": 1294140.8178455364}, "val": {"mse": 0.011712170206010342, "samples": 28359, "steps": 28, "seconds": 0.004628708000382176, "samples_per_second": 6126485.71439816}}
2026-09-17 16:08:33,394 INFO Step 100/242, MSE 0.005992, LR 1.96e-06
2026-09-17 16:08:33,472 INFO Step 200/242, MSE 0.006032, LR 1.43e-06
2026-09-17 16:08:33,510 INFO {"epoch": 20, "global_step": 4840, "train": {"mse": 0.006056200247257948, "samples": 246913, "steps": 242, "seconds": 0.1917433640001036, "samples_per_second": 1287724.7433994033}, "val": {"mse": 0.011694572865962982, "samples": 28359, "steps": 28, "seconds": 0.004448970999874291, "samples_per_second": 6373926.2163243005}}
2026-09-17 16:08:33,511 INFO Early stopping after 4 validation checks without sufficient improvement
