2026-09-17 16:08:04,603 INFO Device cuda, configuration {"adaptation_config": "config/z02_data.yaml", "cameras": ["cam2"], "siglip_path": "models/siglip2-so400m-patch14-224", "freeze_vlm": true, "projection_dim": 640, "precision": "bf16", "seed": 42, "torch_threads": 4, "batch_size": 16, "num_workers": 4, "eval_num_workers": 2, "pin_memory": true, "persistent_workers": true, "prefetch_factor": 2, "video_cache_handles": 4, "feature_cache": true, "cache_dir": "data/cache/value_features_v1", "cache_batch_size": 16, "cache_num_workers": 4, "cached_batch_size": 512, "cached_num_workers": 0, "cache_on_device": true, "num_epochs": 40, "max_total_steps": 5000, "early_stopping_patience": 4, "early_stopping_min_delta": 1e-05, "lr": 0.0001, "warmup_steps": 200, "weight_decay": 0.0, "clip_grad_norm": 1.0, "log_interval": 100, "max_samples": null, "max_steps": null, "val_steps": null, "save_dir": "artifacts/performance/pilot-512"}
2026-09-17 16:08:05,208 INFO Manifest-filtered samples: train=246913 val=28359
2026-09-17 16:08:11,320 INFO Reusing /home/zoyi/my_work/RECAP-value-function-main/data/cache/value_features_v1/train-5c17583476bd5428ca68
2026-09-17 16:08:13,708 INFO Reusing /home/zoyi/my_work/RECAP-value-function-main/data/cache/value_features_v1/val-ee4bd82c30de726fd953
2026-09-17 16:08:13,753 INFO Keeping train features on GPU: 543.5 MiB
2026-09-17 16:08:13,814 INFO Keeping val features on GPU: 62.4 MiB
2026-09-17 16:08:13,821 INFO Budget: at most 40 epochs / 5000 optimizer steps; 483 batches per full epoch
2026-09-17 16:08:14,094 INFO Step 100/483, MSE 0.062960, LR 5.05e-05
2026-09-17 16:08:14,170 INFO Step 200/483, MSE 0.044244, LR 0.0001
2026-09-17 16:08:14,245 INFO Step 300/483, MSE 0.034892, LR 9.99e-05
2026-09-17 16:08:14,320 INFO Step 400/483, MSE 0.029453, LR 9.96e-05
2026-09-17 16:08:14,391 INFO {"epoch": 1, "global_step": 483, "train": {"mse": 0.026529403403401375, "samples": 246913, "steps": 483, "seconds": 0.5575630479997926, "samples_per_second": 442842.8855685811}, "val": {"mse": 0.014456716366112232, "samples": 28359, "steps": 56, "seconds": 0.007188487000348687, "samples_per_second": 3944882.0999891367}}
2026-09-17 16:08:14,476 INFO Step 100/483, MSE 0.011797, LR 9.85e-05
2026-09-17 16:08:14,553 INFO Step 200/483, MSE 0.011506, LR 9.75e-05
2026-09-17 16:08:14,629 INFO Step 300/483, MSE 0.011327, LR 9.64e-05
2026-09-17 16:08:14,705 INFO Step 400/483, MSE 0.011097, LR 9.51e-05
2026-09-17 16:08:14,776 INFO {"epoch": 2, "global_step": 966, "train": {"mse": 0.010983885265886784, "samples": 246913, "steps": 483, "seconds": 0.36824199100010446, "samples_per_second": 670517.9854562744}, "val": {"mse": 0.013160678558051586, "samples": 28359, "steps": 56, "seconds": 0.007899911999629694, "samples_per_second": 3589647.779325402}}
2026-09-17 16:08:14,861 INFO Step 100/483, MSE 0.009908, LR 9.23e-05
2026-09-17 16:08:14,937 INFO Step 200/483, MSE 0.009810, LR 9.04e-05
2026-09-17 16:08:15,013 INFO Step 300/483, MSE 0.009778, LR 8.84e-05
2026-09-17 16:08:15,088 INFO Step 400/483, MSE 0.009617, LR 8.63e-05
2026-09-17 16:08:15,159 INFO {"epoch": 3, "global_step": 1449, "train": {"mse": 0.009543403051793575, "samples": 246913, "steps": 483, "seconds": 0.36684515700017073, "samples_per_second": 673070.9920523165}, "val": {"mse": 0.013101063668727875, "samples": 28359, "steps": 56, "seconds": 0.008015679999971326, "samples_per_second": 3537833.8261653134}}
2026-09-17 16:08:15,244 INFO Step 100/483, MSE 0.008843, LR 8.19e-05
2026-09-17 16:08:15,319 INFO Step 200/483, MSE 0.008800, LR 7.94e-05
2026-09-17 16:08:15,396 INFO Step 300/483, MSE 0.008726, LR 7.67e-05
2026-09-17 16:08:15,464 INFO Step 400/483, MSE 0.008622, LR 7.39e-05
2026-09-17 16:08:15,531 INFO {"epoch": 4, "global_step": 1932, "train": {"mse": 0.00859809760004282, "samples": 246913, "steps": 483, "seconds": 0.3554129799999828, "samples_per_second": 694720.9770432658}, "val": {"mse": 0.013667546212673187, "samples": 28359, "steps": 56, "seconds": 0.008290505999866582, "samples_per_second": 3420568.958693985}}
2026-09-17 16:08:15,601 INFO Step 100/483, MSE 0.008245, LR 6.85e-05
2026-09-17 16:08:15,670 INFO Step 200/483, MSE 0.008086, LR 6.54e-05
2026-09-17 16:08:15,738 INFO Step 300/483, MSE 0.007989, LR 6.23e-05
2026-09-17 16:08:15,806 INFO Step 400/483, MSE 0.007960, LR 5.91e-05
2026-09-17 16:08:15,872 INFO {"epoch": 5, "global_step": 2415, "train": {"mse": 0.007886974141001701, "samples": 246913, "steps": 483, "seconds": 0.33272901999998794, "samples_per_second": 742083.9953316947}, "val": {"mse": 0.01272808387875557, "samples": 28359, "steps": 56, "seconds": 0.007819600999937393, "samples_per_second": 3626580.0348810786}}
2026-09-17 16:08:15,956 INFO Step 100/483, MSE 0.007699, LR 5.33e-05
2026-09-17 16:08:16,032 INFO Step 200/483, MSE 0.007514, LR 5e-05
2026-09-17 16:08:16,108 INFO Step 300/483, MSE 0.007470, LR 4.68e-05
2026-09-17 16:08:16,189 INFO Step 400/483, MSE 0.007440, LR 4.36e-05
2026-09-17 16:08:16,257 INFO {"epoch": 6, "global_step": 2898, "train": {"mse": 0.007401179522275925, "samples": 246913, "steps": 483, "seconds": 0.3698716589997275, "samples_per_second": 667563.6187350311}, "val": {"mse": 0.012122510001063347, "samples": 28359, "steps": 56, "seconds": 0.007007317999978113, "samples_per_second": 4046945.0767460926}}
2026-09-17 16:08:16,341 INFO Step 100/483, MSE 0.007323, LR 3.78e-05
2026-09-17 16:08:16,417 INFO Step 200/483, MSE 0.007184, LR 3.47e-05
2026-09-17 16:08:16,493 INFO Step 300/483, MSE 0.007175, LR 3.16e-05
2026-09-17 16:08:16,569 INFO Step 400/483, MSE 0.007064, LR 2.87e-05
2026-09-17 16:08:16,639 INFO {"epoch": 7, "global_step": 3381, "train": {"mse": 0.007048974744975567, "samples": 246913, "steps": 483, "seconds": 0.3665504939999664, "samples_per_second": 673611.9872030206}, "val": {"mse": 0.012153192423284054, "samples": 28359, "steps": 56, "seconds": 0.007442074000209686, "samples_per_second": 3810551.919357584}}
2026-09-17 16:08:16,716 INFO Step 100/483, MSE 0.007043, LR 2.35e-05
2026-09-17 16:08:16,791 INFO Step 200/483, MSE 0.006949, LR 2.09e-05
2026-09-17 16:08:16,867 INFO Step 300/483, MSE 0.006912, LR 1.83e-05
2026-09-17 16:08:16,943 INFO Step 400/483, MSE 0.006813, LR 1.59e-05
2026-09-17 16:08:17,013 INFO {"epoch": 8, "global_step": 3864, "train": {"mse": 0.006768109276890755, "samples": 246913, "steps": 483, "seconds": 0.3662558710002486, "samples_per_second": 674154.033109933}, "val": {"mse": 0.011881536804139614, "samples": 28359, "steps": 56, "seconds": 0.0072128199999497156, "samples_per_second": 3931658.2713915505}}
2026-09-17 16:08:17,097 INFO Step 100/483, MSE 0.006733, LR 1.19e-05
2026-09-17 16:08:17,175 INFO Step 200/483, MSE 0.006638, LR 1e-05
2026-09-17 16:08:17,253 INFO Step 300/483, MSE 0.006648, LR 8.23e-06
2026-09-17 16:08:17,331 INFO Step 400/483, MSE 0.006625, LR 6.63e-06
2026-09-17 16:08:17,403 INFO {"epoch": 9, "global_step": 4347, "train": {"mse": 0.006607212591916323, "samples": 246913, "steps": 483, "seconds": 0.37447570099993754, "samples_per_second": 659356.209278536}, "val": {"mse": 0.01214055996388197, "samples": 28359, "steps": 56, "seconds": 0.007970761999786191, "samples_per_second": 3557788.4378881003}}
2026-09-17 16:08:17,482 INFO Step 100/483, MSE 0.006562, LR 4.21e-06
2026-09-17 16:08:17,559 INFO Step 200/483, MSE 0.006495, LR 3.16e-06
2026-09-17 16:08:17,638 INFO Step 300/483, MSE 0.006474, LR 2.32e-06
2026-09-17 16:08:17,715 INFO Step 400/483, MSE 0.006493, LR 1.68e-06
2026-09-17 16:08:17,787 INFO {"epoch": 10, "global_step": 4830, "train": {"mse": 0.006520548835396767, "samples": 246913, "steps": 483, "seconds": 0.3757675769998059, "samples_per_second": 657089.3367020688}, "val": {"mse": 0.011797470040619373, "samples": 28359, "steps": 56, "seconds": 0.007763605999571155, "samples_per_second": 3652748.423049857}}
2026-09-17 16:08:17,873 INFO Step 100/170, MSE 0.006730, LR 1.05e-06
2026-09-17 16:08:17,936 INFO {"epoch": 11, "global_step": 5000, "train": {"mse": 0.006621671374887228, "samples": 87040, "steps": 170, "seconds": 0.13240265099966564, "samples_per_second": 657387.791065746}, "val": {"mse": 0.01182648353278637, "samples": 28359, "steps": 56, "seconds": 0.00782211300020208, "samples_per_second": 3625434.8820248274}}
