2026-09-17 16:08:35,765 INFO Device cuda, configuration {"adaptation_config": "config/z02_data.yaml", "cameras": ["cam2"], "siglip_path": "models/siglip2-so400m-patch14-224", "freeze_vlm": true, "projection_dim": 640, "precision": "bf16", "seed": 42, "torch_threads": 4, "batch_size": 16, "num_workers": 4, "eval_num_workers": 2, "pin_memory": true, "persistent_workers": true, "prefetch_factor": 2, "video_cache_handles": 4, "feature_cache": true, "cache_dir": "data/cache/value_features_v1", "cache_batch_size": 16, "cache_num_workers": 4, "cached_batch_size": 2048, "cached_num_workers": 0, "cache_on_device": true, "num_epochs": 40, "max_total_steps": 5000, "early_stopping_patience": 4, "early_stopping_min_delta": 1e-05, "lr": 0.0001, "warmup_steps": 200, "weight_decay": 0.0, "clip_grad_norm": 1.0, "log_interval": 100, "max_samples": null, "max_steps": null, "val_steps": null, "save_dir": "artifacts/performance/pilot-2048"}
2026-09-17 16:08:36,367 INFO Manifest-filtered samples: train=246913 val=28359
2026-09-17 16:08:42,456 INFO Reusing /home/zoyi/my_work/RECAP-value-function-main/data/cache/value_features_v1/train-5c17583476bd5428ca68
2026-09-17 16:08:44,829 INFO Reusing /home/zoyi/my_work/RECAP-value-function-main/data/cache/value_features_v1/val-ee4bd82c30de726fd953
2026-09-17 16:08:44,875 INFO Keeping train features on GPU: 543.5 MiB
2026-09-17 16:08:44,934 INFO Keeping val features on GPU: 62.4 MiB
2026-09-17 16:08:44,942 INFO Budget: at most 40 epochs / 4840 optimizer steps; 121 batches per full epoch
2026-09-17 16:08:45,246 INFO Step 100/121, MSE 0.062615, LR 5.05e-05
2026-09-17 16:08:45,268 INFO {"epoch": 1, "global_step": 121, "train": {"mse": 0.05780695751309395, "samples": 246913, "steps": 121, "seconds": 0.3173706940001466, "samples_per_second": 777995.0692766439}, "val": {"mse": 0.03537978604435921, "samples": 28359, "steps": 14, "seconds": 0.0033929229998648225, "samples_per_second": 8357824.154809884}}
2026-09-17 16:08:45,361 INFO Step 100/121, MSE 0.020816, LR 0.0001
2026-09-17 16:08:45,380 INFO {"epoch": 2, "global_step": 242, "train": {"mse": 0.019826345145702362, "samples": 246913, "steps": 121, "seconds": 0.10216290100015613, "samples_per_second": 2416849.0594959874}, "val": {"mse": 0.017248017713427544, "samples": 28359, "steps": 14, "seconds": 0.0020711410002149933, "samples_per_second": 13691447.805977449}}
2026-09-17 16:08:45,474 INFO Step 100/121, MSE 0.013451, LR 9.98e-05
2026-09-17 16:08:45,493 INFO {"epoch": 3, "global_step": 363, "train": {"mse": 0.01328666228801012, "samples": 246913, "steps": 121, "seconds": 0.09943970699987403, "samples_per_second": 2483038.0173764364}, "val": {"mse": 0.014568286016583443, "samples": 28359, "steps": 14, "seconds": 0.002054118000160088, "samples_per_second": 13804641.85308226}}
2026-09-17 16:08:45,585 INFO Step 100/121, MSE 0.011768, LR 9.92e-05
2026-09-17 16:08:45,604 INFO {"epoch": 4, "global_step": 484, "train": {"mse": 0.011754713021218777, "samples": 246913, "steps": 121, "seconds": 0.10096824299989748, "samples_per_second": 2445449.296104118}, "val": {"mse": 0.013969119638204575, "samples": 28359, "steps": 14, "seconds": 0.0019042509998143942, "samples_per_second": 14891343.444166847}}
2026-09-17 16:08:45,696 INFO Step 100/121, MSE 0.011062, LR 9.83e-05
2026-09-17 16:08:45,715 INFO {"epoch": 5, "global_step": 605, "train": {"mse": 0.010947373695671558, "samples": 246913, "steps": 121, "seconds": 0.10038833599992358, "samples_per_second": 2459573.0093327467}, "val": {"mse": 0.01342873927205801, "samples": 28359, "steps": 14, "seconds": 0.002028993999829254, "samples_per_second": 13975954.201395676}}
2026-09-17 16:08:45,806 INFO Step 100/121, MSE 0.010442, LR 9.71e-05
2026-09-17 16:08:45,826 INFO {"epoch": 6, "global_step": 726, "train": {"mse": 0.010390830226242542, "samples": 246913, "steps": 121, "seconds": 0.10075398499975563, "samples_per_second": 2450648.0456571653}, "val": {"mse": 0.013960441574454308, "samples": 28359, "steps": 14, "seconds": 0.0020893890000479587, "samples_per_second": 13571717.763433399}}
2026-09-17 16:08:45,908 INFO Step 100/121, MSE 0.010015, LR 9.56e-05
2026-09-17 16:08:45,927 INFO {"epoch": 7, "global_step": 847, "train": {"mse": 0.009946569800376892, "samples": 246913, "steps": 121, "seconds": 0.09885062199964523, "samples_per_second": 2497835.4497137307}, "val": {"mse": 0.013337885960936546, "samples": 28359, "steps": 14, "seconds": 0.0019452989999990677, "samples_per_second": 14576693.018883815}}
2026-09-17 16:08:46,017 INFO Step 100/121, MSE 0.009443, LR 9.38e-05
2026-09-17 16:08:46,036 INFO {"epoch": 8, "global_step": 968, "train": {"mse": 0.009351609274744987, "samples": 246913, "steps": 121, "seconds": 0.09952490499972555, "samples_per_second": 2480910.9280603016}, "val": {"mse": 0.012874051928520203, "samples": 28359, "steps": 14, "seconds": 0.0018979960000251594, "samples_per_second": 14940596.390190832}}
2026-09-17 16:08:46,126 INFO Step 100/121, MSE 0.009023, LR 9.17e-05
2026-09-17 16:08:46,145 INFO {"epoch": 9, "global_step": 1089, "train": {"mse": 0.009037488140165806, "samples": 246913, "steps": 121, "seconds": 0.09879812500003027, "samples_per_second": 2499163.1432622634}, "val": {"mse": 0.013069868087768555, "samples": 28359, "steps": 14, "seconds": 0.001938138999776129, "samples_per_second": 14630499.787626697}}
2026-09-17 16:08:46,229 INFO Step 100/121, MSE 0.008728, LR 8.93e-05
2026-09-17 16:08:46,248 INFO {"epoch": 10, "global_step": 1210, "train": {"mse": 0.008770957589149475, "samples": 246913, "steps": 121, "seconds": 0.10016412599998148, "samples_per_second": 2465078.864743348}, "val": {"mse": 0.013183661736547947, "samples": 28359, "steps": 14, "seconds": 0.002064068999970914, "samples_per_second": 13736937.096174013}}
2026-09-17 16:08:46,330 INFO Step 100/121, MSE 0.008424, LR 8.67e-05
2026-09-17 16:08:46,350 INFO {"epoch": 11, "global_step": 1331, "train": {"mse": 0.008454966358840466, "samples": 246913, "steps": 121, "seconds": 0.09905917000014597, "samples_per_second": 2492575.6400550357}, "val": {"mse": 0.012797757051885128, "samples": 28359, "steps": 14, "seconds": 0.0024631269998280914, "samples_per_second": 11512633.08454863}}
2026-09-17 16:08:46,440 INFO Step 100/121, MSE 0.008316, LR 8.38e-05
2026-09-17 16:08:46,460 INFO {"epoch": 12, "global_step": 1452, "train": {"mse": 0.008348471485078335, "samples": 246913, "steps": 121, "seconds": 0.09997354100005396, "samples_per_second": 2469777.8227252243}, "val": {"mse": 0.012541539967060089, "samples": 28359, "steps": 14, "seconds": 0.002056776999779686, "samples_per_second": 13786475.166098261}}
2026-09-17 16:08:46,550 INFO Step 100/121, MSE 0.007948, LR 8.07e-05
2026-09-17 16:08:46,569 INFO {"epoch": 13, "global_step": 1573, "train": {"mse": 0.0079334182664752, "samples": 246913, "steps": 121, "seconds": 0.09975895800016588, "samples_per_second": 2475091.9023763468}, "val": {"mse": 0.01269329059869051, "samples": 28359, "steps": 14, "seconds": 0.0018937520003419195, "samples_per_second": 14973721.143544244}}
2026-09-17 16:08:46,651 INFO Step 100/121, MSE 0.007883, LR 7.74e-05
2026-09-17 16:08:46,671 INFO {"epoch": 14, "global_step": 1694, "train": {"mse": 0.007850682362914085, "samples": 246913, "steps": 121, "seconds": 0.09897774699993533, "samples_per_second": 2494627.6641903277}, "val": {"mse": 0.013001533225178719, "samples": 28359, "steps": 14, "seconds": 0.0019318700001349498, "samples_per_second": 14678617.012911394}}
2026-09-17 16:08:46,753 INFO Step 100/121, MSE 0.007699, LR 7.39e-05
2026-09-17 16:08:46,772 INFO {"epoch": 15, "global_step": 1815, "train": {"mse": 0.007681760471314192, "samples": 246913, "steps": 121, "seconds": 0.09923707400002968, "samples_per_second": 2488108.620764123}, "val": {"mse": 0.012298091314733028, "samples": 28359, "steps": 14, "seconds": 0.001929621999806841, "samples_per_second": 14694650.359539561}}
2026-09-17 16:08:46,863 INFO Step 100/121, MSE 0.007394, LR 7.02e-05
2026-09-17 16:08:46,883 INFO {"epoch": 16, "global_step": 1936, "train": {"mse": 0.0074341376312077045, "samples": 246913, "steps": 121, "seconds": 0.10045836600011171, "samples_per_second": 2457859.9991306774}, "val": {"mse": 0.012009448371827602, "samples": 28359, "steps": 14, "seconds": 0.0024577079998380214, "samples_per_second": 11537987.39727053}}
2026-09-17 16:08:46,973 INFO Step 100/121, MSE 0.007337, LR 6.64e-05
2026-09-17 16:08:46,993 INFO {"epoch": 17, "global_step": 2057, "train": {"mse": 0.007282072212547064, "samples": 246913, "steps": 121, "seconds": 0.10033280700008618, "samples_per_second": 2460935.625769643}, "val": {"mse": 0.012676960788667202, "samples": 28359, "steps": 14, "seconds": 0.001903844000025856, "samples_per_second": 14894495.352834579}}
2026-09-17 16:08:47,076 INFO Step 100/121, MSE 0.007250, LR 6.25e-05
2026-09-17 16:08:47,096 INFO {"epoch": 18, "global_step": 2178, "train": {"mse": 0.007199592422693968, "samples": 246913, "steps": 121, "seconds": 0.10005022699988331, "samples_per_second": 2467884.902703155}, "val": {"mse": 0.012075950391590595, "samples": 28359, "steps": 14, "seconds": 0.0019185299997843686, "samples_per_second": 14779942.55830849}}
2026-09-17 16:08:47,180 INFO Step 100/121, MSE 0.007036, LR 5.86e-05
2026-09-17 16:08:47,200 INFO {"epoch": 19, "global_step": 2299, "train": {"mse": 0.007010622415691614, "samples": 246913, "steps": 121, "seconds": 0.10141432999989775, "samples_per_second": 2434689.3710947963}, "val": {"mse": 0.012125883251428604, "samples": 28359, "steps": 14, "seconds": 0.0022633919998042984, "samples_per_second": 12528245.874252131}}
2026-09-17 16:08:47,284 INFO Step 100/121, MSE 0.006857, LR 5.46e-05
2026-09-17 16:08:47,304 INFO {"epoch": 20, "global_step": 2420, "train": {"mse": 0.006871050223708153, "samples": 246913, "steps": 121, "seconds": 0.10168594400010988, "samples_per_second": 2428187.1467025103}, "val": {"mse": 0.012051325291395187, "samples": 28359, "steps": 14, "seconds": 0.0019202339999537799, "samples_per_second": 14766620.84416818}}
2026-09-17 16:08:47,304 INFO Early stopping after 4 validation checks without sufficient improvement
