2026-09-17 15:49:08,711 INFO Device cuda, configuration {"adaptation_config": "config/z02_data.yaml", "cameras": ["cam2"], "siglip_path": "models/siglip2-so400m-patch14-224", "freeze_vlm": true, "projection_dim": 640, "precision": "bf16", "seed": 42, "torch_threads": 4, "batch_size": 16, "num_workers": 4, "eval_num_workers": 2, "pin_memory": true, "persistent_workers": true, "prefetch_factor": 2, "video_cache_handles": 4, "feature_cache": true, "cache_dir": "data/cache/value_features_v1", "cache_batch_size": 16, "cache_num_workers": 4, "cached_batch_size": 512, "cached_num_workers": 0, "num_epochs": 20, "max_total_steps": 5000, "early_stopping_patience": 4, "early_stopping_min_delta": 1e-05, "lr": 0.0001, "warmup_steps": 200, "weight_decay": 0.0, "clip_grad_norm": 1.0, "log_interval": 100, "max_samples": null, "max_steps": null, "val_steps": null, "save_dir": "checkpoints/optimized"}
2026-09-17 15:49:09,325 INFO Manifest-filtered samples: train=246913 val=28359
2026-09-17 15:49:28,966 INFO Cache train: 2000/246913, 133.0 frames/s, ETA 30.7 min
2026-09-17 15:49:43,999 INFO Cache train: 6080/246913, 202.2 frames/s, ETA 19.9 min
2026-09-17 15:49:59,039 INFO Cache train: 10160/246913, 225.2 frames/s, ETA 17.5 min
2026-09-17 15:50:14,063 INFO Cache train: 14288/246913, 237.6 frames/s, ETA 16.3 min
2026-09-17 15:50:29,121 INFO Cache train: 18448/246913, 245.3 frames/s, ETA 15.5 min
2026-09-17 15:50:44,146 INFO Cache train: 22592/246913, 250.4 frames/s, ETA 14.9 min
2026-09-17 15:50:59,170 INFO Cache train: 26720/246913, 253.9 frames/s, ETA 14.5 min
2026-09-17 15:51:14,208 INFO Cache train: 30864/246913, 256.6 frames/s, ETA 14.0 min
2026-09-17 15:51:29,218 INFO Cache train: 34992/246913, 258.6 frames/s, ETA 13.7 min
2026-09-17 15:51:44,243 INFO Cache train: 39136/246913, 260.4 frames/s, ETA 13.3 min
2026-09-17 15:51:59,265 INFO Cache train: 43264/246913, 261.7 frames/s, ETA 13.0 min
2026-09-17 15:52:14,274 INFO Cache train: 47392/246913, 262.8 frames/s, ETA 12.7 min
2026-09-17 15:52:29,288 INFO Cache train: 51536/246913, 263.8 frames/s, ETA 12.3 min
2026-09-17 15:52:44,335 INFO Cache train: 55648/246913, 264.5 frames/s, ETA 12.1 min
2026-09-17 15:52:59,375 INFO Cache train: 59776/246913, 265.1 frames/s, ETA 11.8 min
2026-09-17 15:53:14,376 INFO Cache train: 63888/246913, 265.7 frames/s, ETA 11.5 min
2026-09-17 15:53:29,395 INFO Cache train: 68000/246913, 266.2 frames/s, ETA 11.2 min
2026-09-17 15:53:44,441 INFO Cache train: 72128/246913, 266.6 frames/s, ETA 10.9 min
2026-09-17 15:53:59,489 INFO Cache train: 76256/246913, 267.0 frames/s, ETA 10.7 min
2026-09-17 15:54:14,521 INFO Cache train: 80368/246913, 267.4 frames/s, ETA 10.4 min
2026-09-17 15:54:29,551 INFO Cache train: 84480/246913, 267.7 frames/s, ETA 10.1 min
2026-09-17 15:54:44,592 INFO Cache train: 88576/246913, 267.9 frames/s, ETA 9.9 min
2026-09-17 15:54:59,614 INFO Cache train: 92688/246913, 268.1 frames/s, ETA 9.6 min
2026-09-17 15:55:14,647 INFO Cache train: 96800/246913, 268.4 frames/s, ETA 9.3 min
2026-09-17 15:55:29,693 INFO Cache train: 100928/246913, 268.6 frames/s, ETA 9.1 min
2026-09-17 15:55:44,694 INFO Cache train: 105040/246913, 268.8 frames/s, ETA 8.8 min
2026-09-17 15:55:59,732 INFO Cache train: 109168/246913, 269.0 frames/s, ETA 8.5 min
2026-09-17 15:56:14,769 INFO Cache train: 113296/246913, 269.2 frames/s, ETA 8.3 min
2026-09-17 15:56:29,822 INFO Cache train: 117456/246913, 269.5 frames/s, ETA 8.0 min
2026-09-17 15:56:44,841 INFO Cache train: 121600/246913, 269.7 frames/s, ETA 7.7 min
2026-09-17 15:56:59,880 INFO Cache train: 125760/246913, 269.9 frames/s, ETA 7.5 min
2026-09-17 15:57:14,883 INFO Cache train: 129904/246913, 270.1 frames/s, ETA 7.2 min
2026-09-17 15:57:29,898 INFO Cache train: 134032/246913, 270.2 frames/s, ETA 7.0 min
2026-09-17 15:57:44,949 INFO Cache train: 138192/246913, 270.4 frames/s, ETA 6.7 min
2026-09-17 15:57:59,984 INFO Cache train: 142336/246913, 270.6 frames/s, ETA 6.4 min
2026-09-17 15:58:14,999 INFO Cache train: 146464/246913, 270.7 frames/s, ETA 6.2 min
2026-09-17 15:58:30,025 INFO Cache train: 150592/246913, 270.8 frames/s, ETA 5.9 min
2026-09-17 15:58:45,054 INFO Cache train: 154720/246913, 270.9 frames/s, ETA 5.7 min
2026-09-17 15:59:00,096 INFO Cache train: 158848/246913, 271.0 frames/s, ETA 5.4 min
2026-09-17 15:59:15,146 INFO Cache train: 162976/246913, 271.1 frames/s, ETA 5.2 min
2026-09-17 15:59:30,150 INFO Cache train: 167088/246913, 271.1 frames/s, ETA 4.9 min
2026-09-17 15:59:45,179 INFO Cache train: 171200/246913, 271.2 frames/s, ETA 4.7 min
2026-09-17 16:00:00,236 INFO Cache train: 175312/246913, 271.3 frames/s, ETA 4.4 min
2026-09-17 16:00:15,263 INFO Cache train: 179440/246913, 271.3 frames/s, ETA 4.1 min
2026-09-17 16:00:30,285 INFO Cache train: 183552/246913, 271.4 frames/s, ETA 3.9 min
2026-09-17 16:00:45,324 INFO Cache train: 187664/246913, 271.4 frames/s, ETA 3.6 min
2026-09-17 16:01:00,370 INFO Cache train: 191776/246913, 271.5 frames/s, ETA 3.4 min
2026-09-17 16:01:15,404 INFO Cache train: 195888/246913, 271.5 frames/s, ETA 3.1 min
2026-09-17 16:01:30,435 INFO Cache train: 200016/246913, 271.6 frames/s, ETA 2.9 min
2026-09-17 16:01:45,461 INFO Cache train: 204144/246913, 271.6 frames/s, ETA 2.6 min
2026-09-17 16:02:00,465 INFO Cache train: 208272/246913, 271.7 frames/s, ETA 2.4 min
2026-09-17 16:02:15,469 INFO Cache train: 212400/246913, 271.8 frames/s, ETA 2.1 min
2026-09-17 16:02:30,520 INFO Cache train: 216544/246913, 271.8 frames/s, ETA 1.9 min
2026-09-17 16:02:45,545 INFO Cache train: 220688/246913, 271.9 frames/s, ETA 1.6 min
2026-09-17 16:03:00,595 INFO Cache train: 224832/246913, 272.0 frames/s, ETA 1.4 min
2026-09-17 16:03:15,613 INFO Cache train: 228976/246913, 272.0 frames/s, ETA 1.1 min
2026-09-17 16:03:30,634 INFO Cache train: 233120/246913, 272.1 frames/s, ETA 0.8 min
2026-09-17 16:03:45,662 INFO Cache train: 237264/246913, 272.2 frames/s, ETA 0.6 min
2026-09-17 16:04:00,665 INFO Cache train: 241376/246913, 272.2 frames/s, ETA 0.3 min
2026-09-17 16:04:15,676 INFO Cache train: 245456/246913, 272.2 frames/s, ETA 0.1 min
2026-09-17 16:04:21,080 INFO Cache train: 246913/246913, 272.2 frames/s, ETA 0.0 min
2026-09-17 16:04:39,367 INFO Cache val: 2048/28359, 136.2 frames/s, ETA 3.2 min
2026-09-17 16:04:54,427 INFO Cache val: 5984/28359, 198.8 frames/s, ETA 1.9 min
2026-09-17 16:05:09,454 INFO Cache val: 9888/28359, 219.1 frames/s, ETA 1.4 min
2026-09-17 16:05:24,491 INFO Cache val: 13888/28359, 230.8 frames/s, ETA 1.0 min
2026-09-17 16:05:39,513 INFO Cache val: 18000/28359, 239.4 frames/s, ETA 0.7 min
2026-09-17 16:05:54,532 INFO Cache val: 22064/28359, 244.6 frames/s, ETA 0.4 min
2026-09-17 16:06:09,555 INFO Cache val: 26160/28359, 248.6 frames/s, ETA 0.1 min
2026-09-17 16:06:17,674 INFO Cache val: 28359/28359, 250.2 frames/s, ETA 0.0 min
2026-09-17 16:06:18,354 INFO Feature caches ready; no training performed
