2026-09-17 15:37:49,839 - INFO - 设备: cuda
2026-09-17 15:37:49,853 - INFO - GPU: NVIDIA GeForce RTX 4080 SUPER
2026-09-17 15:37:49,853 - INFO - 显存: 15.6 GB
2026-09-17 15:37:49,853 - INFO - ============================================================
2026-09-17 15:37:49,853 - INFO - 加载数据集
2026-09-17 15:37:49,853 - INFO - ============================================================
2026-09-17 15:37:49,853 - INFO - 每个数据集最大样本数: 8
2026-09-17 15:37:50,146 - INFO -   2026.09.15: 8 样本
2026-09-17 15:37:50,300 - INFO -   2026.09.15_2: 8 样本
2026-09-17 15:37:50,419 - INFO -   2026.09.16_error: 8 样本
2026-09-17 15:37:50,524 - INFO - 训练集: 24 样本
2026-09-17 15:37:50,524 - INFO - 验证集: 8 样本
2026-09-17 15:37:50,524 - INFO - ============================================================
2026-09-17 15:37:50,524 - INFO - 冒烟测试模式
2026-09-17 15:37:50,524 - INFO - ============================================================
2026-09-17 15:37:50,578 - INFO - ✓ 数据加载成功
2026-09-17 15:37:50,579 - INFO -   图像: torch.Size([2, 3, 224, 224])
2026-09-17 15:37:50,579 - INFO -   目标值: torch.Size([2])
2026-09-17 15:37:50,579 - INFO - 加载 SigLIP2: /home/zoyi/my_work/RECAP-value-function-main/models/siglip2-so400m-patch14-224
2026-09-17 15:37:50,704 - INFO - 加载 Gemma3: /home/zoyi/my_work/RECAP-value-function-main/models/gemma-3-270m
2026-09-17 15:37:51,100 - INFO - 冻结 VLM 参数
2026-09-17 15:37:51,102 - INFO - 总参数: 696,681,153, 可训练: 902,273
2026-09-17 15:37:52,929 - INFO - ✓ 前向传播成功
2026-09-17 15:37:52,929 - INFO -   输出形状: torch.Size([2, 1])
2026-09-17 15:37:53,053 - INFO - ============================================================
2026-09-17 15:37:53,053 - INFO - 冒烟测试通过！可以开始训练。
2026-09-17 15:37:53,053 - INFO - ============================================================
